// Jest Snapshot v1, https://goo.gl/fbAQLP

exports[`Gallery component suite Gallery snapshot 1`] = `
<div
  className="sc-AxjAm gxJPRT"
>
  <div
    className="c-gallery-menu"
  >
    <button
      onClick={[Function]}
    >
      Show next
    </button>
    <button
      className="c-button-mosaic"
      data-testid="mosaic"
      id="mosaic"
      onClick={[Function]}
    >
      <i
        className="fas fa-th"
      />
    </button>
  </div>
  <section
    className="c-display"
  />
  <div
    className="c-gallery-menu"
  >
    <div>
      <button
        onClick={[Function]}
      >
        Show more
      </button>
    </div>
  </div>
</div>
`;
