// Jest Snapshot v1, https://goo.gl/fbAQLP

exports[`Info component suite Info snapshot 1`] = `
<div
  className="sc-AxjAm jnvo"
/>
`;
